Testing basic features...
